// Jest Snapshot v1, https://goo.gl/fbAQLP

exports[`Should test the PeopleCards.js snapshot 1`] = `<div />`;
