// Jest Snapshot v1, https://goo.gl/fbAQLP

exports[`Should test the PlayButton.js snapshot 1`] = `
<button
  className="btn btn-primary"
>
  play
</button>
`;
